Archive member included to satisfy reference by file (symbol)

/home/misaki/devel/stm32/libopencm3/lib/libopencm3_stm32f1.a(flash.o)
                              mk/passwords.o (flash_program_half_word)
/home/misaki/devel/stm32/libopencm3/lib/libopencm3_stm32f1.a(gpio.o)
                              mk/board.o (gpio_set_mode)
/home/misaki/devel/stm32/libopencm3/lib/libopencm3_stm32f1.a(rcc.o)
                              mk/mew.o (rcc_wait_for_osc_ready)
/home/misaki/devel/stm32/libopencm3/lib/libopencm3_stm32f1.a(gpio_common_all.o)
                              mk/board.o (gpio_set)
/home/misaki/devel/stm32/libopencm3/lib/libopencm3_stm32f1.a(i2c_common_all.o)
                              mk/mew_i2c.o (i2c_peripheral_enable)
/home/misaki/devel/stm32/libopencm3/lib/libopencm3_stm32f1.a(timer_common_all.o)
                              mk/board.o (timer_enable_irq)
/home/misaki/devel/stm32/libopencm3/lib/libopencm3_stm32f1.a(rcc_common_all.o)
                              mk/board.o (rcc_periph_clock_enable)
/home/misaki/devel/stm32/libopencm3/lib/libopencm3_stm32f1.a(exti_common_all.o)
                              mk/board.o (exti_set_trigger)
/home/misaki/devel/stm32/libopencm3/lib/libopencm3_stm32f1.a(flash_common_f01.o)
                              /home/misaki/devel/stm32/libopencm3/lib/libopencm3_stm32f1.a(rcc.o) (flash_set_ws)
/home/misaki/devel/stm32/libopencm3/lib/libopencm3_stm32f1.a(usb.o)
                              mk/usb.o (usbd_init)
/home/misaki/devel/stm32/libopencm3/lib/libopencm3_stm32f1.a(usb_control.o)
                              mk/usb.o (usbd_register_control_callback)
/home/misaki/devel/stm32/libopencm3/lib/libopencm3_stm32f1.a(usb_standard.o)
                              mk/usb.o (usbd_register_set_config_callback)
/home/misaki/devel/stm32/libopencm3/lib/libopencm3_stm32f1.a(st_usbfs_v1.o)
                              mk/usb.o (st_usbfs_v1_usb_driver)
/home/misaki/devel/stm32/libopencm3/lib/libopencm3_stm32f1.a(vector.o)
                              (reset_handler)
/home/misaki/devel/stm32/libopencm3/lib/libopencm3_stm32f1.a(nvic.o)
                              mk/board.o (nvic_enable_irq)
/home/misaki/devel/stm32/libopencm3/lib/libopencm3_stm32f1.a(assert.o)
                              /home/misaki/devel/stm32/libopencm3/lib/libopencm3_stm32f1.a(rcc.o) (cm3_assert_failed)
/home/misaki/devel/stm32/libopencm3/lib/libopencm3_stm32f1.a(st_usbfs_core.o)
                              /home/misaki/devel/stm32/libopencm3/lib/libopencm3_stm32f1.a(st_usbfs_v1.o) (st_usbfs_set_address)
/home/misaki/devel/stm32/gcc-arm-none-eabi-5_4-2016q3/bin/../lib/gcc/arm-none-eabi/5.4.1/../../../../arm-none-eabi/lib/armv7-m/libc.a(lib_a-malloc.o)
                              mk/libatcrypto/atca_command.o (malloc)
/home/misaki/devel/stm32/gcc-arm-none-eabi-5_4-2016q3/bin/../lib/gcc/arm-none-eabi/5.4.1/../../../../arm-none-eabi/lib/armv7-m/libc.a(lib_a-mallocr.o)
                              /home/misaki/devel/stm32/gcc-arm-none-eabi-5_4-2016q3/bin/../lib/gcc/arm-none-eabi/5.4.1/../../../../arm-none-eabi/lib/armv7-m/libc.a(lib_a-malloc.o) (_malloc_r)
/home/misaki/devel/stm32/gcc-arm-none-eabi-5_4-2016q3/bin/../lib/gcc/arm-none-eabi/5.4.1/../../../../arm-none-eabi/lib/armv7-m/libc.a(lib_a-memcmp.o)
                              mk/libatcrypto/atca_command.o (memcmp)
/home/misaki/devel/stm32/gcc-arm-none-eabi-5_4-2016q3/bin/../lib/gcc/arm-none-eabi/5.4.1/../../../../arm-none-eabi/lib/armv7-m/libc.a(lib_a-memcpy.o)
                              mk/libatcrypto/basic/atca_basic.o (memcpy)
/home/misaki/devel/stm32/gcc-arm-none-eabi-5_4-2016q3/bin/../lib/gcc/arm-none-eabi/5.4.1/../../../../arm-none-eabi/lib/armv7-m/libc.a(lib_a-memset.o)
                              mk/libatcrypto/basic/atca_basic.o (memset)
/home/misaki/devel/stm32/gcc-arm-none-eabi-5_4-2016q3/bin/../lib/gcc/arm-none-eabi/5.4.1/../../../../arm-none-eabi/lib/armv7-m/libc.a(lib_a-mlock.o)
                              /home/misaki/devel/stm32/gcc-arm-none-eabi-5_4-2016q3/bin/../lib/gcc/arm-none-eabi/5.4.1/../../../../arm-none-eabi/lib/armv7-m/libc.a(lib_a-mallocr.o) (__malloc_lock)
/home/misaki/devel/stm32/gcc-arm-none-eabi-5_4-2016q3/bin/../lib/gcc/arm-none-eabi/5.4.1/../../../../arm-none-eabi/lib/armv7-m/libc.a(lib_a-rand.o)
                              mk/passwords.o (rand)
/home/misaki/devel/stm32/gcc-arm-none-eabi-5_4-2016q3/bin/../lib/gcc/arm-none-eabi/5.4.1/../../../../arm-none-eabi/lib/armv7-m/libc.a(lib_a-sbrkr.o)
                              /home/misaki/devel/stm32/gcc-arm-none-eabi-5_4-2016q3/bin/../lib/gcc/arm-none-eabi/5.4.1/../../../../arm-none-eabi/lib/armv7-m/libc.a(lib_a-mallocr.o) (_sbrk_r)
/home/misaki/devel/stm32/gcc-arm-none-eabi-5_4-2016q3/bin/../lib/gcc/arm-none-eabi/5.4.1/../../../../arm-none-eabi/lib/armv7-m/libc.a(lib_a-strcpy.o)
                              mk/libatcrypto/basic/atca_basic.o (strcpy)
[...]
Memory Configuration

Name             Origin             Length             Attributes
rom              0x08000000         0x00010000         xr
ram              0x20000000         0x00005000         xrw
*default*        0x00000000         0xffffffff

Linker script and memory map

LOAD mk/mew.o
LOAD mk/board.o
LOAD mk/passwords.o
LOAD mk/usb.o
LOAD mk/mew_i2c.o
LOAD mk/extibtns.o
LOAD mk/libatcrypto/atca_command.o
LOAD mk/libatcrypto/atca_iface.o
LOAD mk/libatcrypto/atca_cfgs.o
LOAD mk/libatcrypto/atca_device.o
LOAD mk/libatcrypto/basic/atca_helpers.o
LOAD mk/libatcrypto/basic/atca_basic.o
LOAD mk/libatcrypto/hal/hal_stm32f1_i2c.o
LOAD mk/libatcrypto/hal/delay.o
LOAD mk/libatcrypto/hal/atca_hal.o
LOAD mk/libatcrypto/hal/hal_stm32f1_delay.o
LOAD mk/libatcrypto/hal/sw_i2c.o
LOAD /home/misaki/devel/stm32/libopencm3/lib/libopencm3_stm32f1.a
START GROUP
LOAD /home/misaki/devel/stm32/gcc-arm-none-eabi-5_4-2016q3/bin/../lib/gcc/arm-none-eabi/5.4.1/../../../../arm-none-eabi/lib/armv7-m/libc.a
LOAD /home/misaki/devel/stm32/gcc-arm-none-eabi-5_4-2016q3/bin/../lib/gcc/arm-none-eabi/5.4.1/armv7-m/libgcc.a
END GROUP
START GROUP
LOAD /home/misaki/devel/stm32/gcc-arm-none-eabi-5_4-2016q3/bin/../lib/gcc/arm-none-eabi/5.4.1/armv7-m/libgcc.a
LOAD /home/misaki/devel/stm32/gcc-arm-none-eabi-5_4-2016q3/bin/../lib/gcc/arm-none-eabi/5.4.1/../../../../arm-none-eabi/lib/armv7-m/libc.a
END GROUP
START GROUP
LOAD /home/misaki/devel/stm32/gcc-arm-none-eabi-5_4-2016q3/bin/../lib/gcc/arm-none-eabi/5.4.1/armv7-m/libgcc.a
LOAD /home/misaki/devel/stm32/gcc-arm-none-eabi-5_4-2016q3/bin/../lib/gcc/arm-none-eabi/5.4.1/../../../../arm-none-eabi/lib/armv7-m/libc.a
LOAD /home/misaki/devel/stm32/gcc-arm-none-eabi-5_4-2016q3/bin/../lib/gcc/arm-none-eabi/5.4.1/../../../../arm-none-eabi/lib/armv7-m/libnosys.a
END GROUP

.text           0x08000000     0x224c
 *(.vectors)
 .vectors       0x08000000      0x150 /home/misaki/devel/stm32/libopencm3/lib/libopencm3_stm32f1.a(vector.o)
                0x08000000                vector_table
 *(.text*)
 .text.startup.main
                0x08000150       0x32 mk/mew.o
                0x08000150                main
 *fill*         0x08000182        0x2 
 .text.tim2_isr
                0x08000184       0xa0 mk/mew.o
                0x08000184                tim2_isr
 .text.button_click
                0x08000224       0xa0 mk/mew.o
                0x08000224                button_click
 .text.mew_board_init
                0x080002c4       0x54 mk/board.o
                0x080002c4                mew_board_init
 .text.mew_read_buttons
                0x08000318       0x5c mk/board.o
                0x08000318                mew_read_buttons
 .text.mew_led_on
                0x08000374       0x30 mk/board.o
                0x08000374                mew_led_on
 .text.mew_led_off
                0x080003a4       0x30 mk/board.o
                0x080003a4                mew_led_off
 .text.mew_timer2_init
                0x080003d4       0xca mk/board.o
                0x080003d4                mew_timer2_init
 *fill*         0x0800049e        0x2 
 .text.mew_init_ei
                0x080004a0       0x5c mk/board.o
                0x080004a0                mew_init_ei
 .text.mew_get_password_record
                0x080004fc       0x10 mk/passwords.o
                0x080004fc                mew_get_password_record
 .text.mew_password_send
                0x0800050c       0x46 mk/passwords.o
                0x0800050c                mew_password_send
 .text.mew_flash_write_struct
                0x08000552       0x1e mk/passwords.o
                0x08000552                mew_flash_write_struct
 .text.mew_get_random_byte
                0x08000570       0x38 mk/passwords.o
                0x08000570                mew_get_random_byte
 .text.mew_gen_password_record
                0x080005a8       0x3e mk/passwords.o
                0x080005a8                mew_gen_password_record
 *fill*         0x080005e6        0x2 
 .text.mew_inital_fill_passwords
                0x080005e8       0xd0 mk/passwords.o
                0x080005e8                mew_inital_fill_passwords
 .text.hid_set_config
                0x080006b8       0x38 mk/usb.o
 .text.hid_control_request
                0x080006f0       0x28 mk/usb.o
 .text.mew_usb_init
                0x08000718       0x48 mk/usb.o
                0x08000718                mew_usb_init
 .text.mew_usb_poll
                0x08000760        0xc mk/usb.o
                0x08000760                mew_usb_poll
 .text.mew_send_char
                0x0800076c       0x58 mk/usb.o
                0x0800076c                mew_send_char
 .text.exti9_5_isr
                0x080007c4       0x58 mk/extibtns.o
                0x080007c4                exti9_5_isr
 .text.exti15_10_isr
                0x0800081c       0x74 mk/extibtns.o
                0x0800081c                exti15_10_isr
 .text.flash_get_status_flags
                0x08000890       0x28 /home/misaki/devel/stm32/libopencm3/lib/libopencm3_stm32f1.a(flash.o)
                0x08000890                flash_get_status_flags
 .text.flash_program_half_word
                0x080008b8       0x64 /home/misaki/devel/stm32/libopencm3/lib/libopencm3_stm32f1.a(flash.o)
                0x080008b8                flash_program_half_word
 .text.flash_erase_page
                0x0800091c       0x7c /home/misaki/devel/stm32/libopencm3/lib/libopencm3_stm32f1.a(flash.o)
                0x0800091c                flash_erase_page
 .text.gpio_set_mode
                0x08000998       0x64 /home/misaki/devel/stm32/libopencm3/lib/libopencm3_stm32f1.a(gpio.o)
                0x08000998                gpio_set_mode
 .text.rcc_osc_on.part.1
                0x080009fc       0x10 /home/misaki/devel/stm32/libopencm3/lib/libopencm3_stm32f1.a(rcc.o)
 .text.rcc_is_osc_ready
                0x08000a0c       0x5c /home/misaki/devel/stm32/libopencm3/lib/libopencm3_stm32f1.a(rcc.o)
                0x08000a0c                rcc_is_osc_ready
 .text.rcc_wait_for_osc_ready
                0x08000a68       0x10 /home/misaki/devel/stm32/libopencm3/lib/libopencm3_stm32f1.a(rcc.o)
                0x08000a68                rcc_wait_for_osc_ready
 .text.rcc_osc_on
                0x08000a78       0x54 /home/misaki/devel/stm32/libopencm3/lib/libopencm3_stm32f1.a(rcc.o)
                0x08000a78                rcc_osc_on
 .text.rcc_set_sysclk_source
                0x08000acc       0x14 /home/misaki/devel/stm32/libopencm3/lib/libopencm3_stm32f1.a(rcc.o)
                0x08000acc                rcc_set_sysclk_source
 .text.rcc_set_pll_multiplication_factor
                0x08000ae0       0x14 /home/misaki/devel/stm32/libopencm3/lib/libopencm3_stm32f1.a(rcc.o)
                0x08000ae0                rcc_set_pll_multiplication_factor
 .text.rcc_set_pll_source
                0x08000af4       0x14 /home/misaki/devel/stm32/libopencm3/lib/libopencm3_stm32f1.a(rcc.o)
                0x08000af4                rcc_set_pll_source
 .text.rcc_set_pllxtpre
                0x08000b08       0x14 /home/misaki/devel/stm32/libopencm3/lib/libopencm3_stm32f1.a(rcc.o)
                0x08000b08                rcc_set_pllxtpre
 .text.rcc_set_adcpre
                0x08000b1c       0x14 /home/misaki/devel/stm32/libopencm3/lib/libopencm3_stm32f1.a(rcc.o)
                0x08000b1c                rcc_set_adcpre
 .text.rcc_set_ppre2
                0x08000b30       0x14 /home/misaki/devel/stm32/libopencm3/lib/libopencm3_stm32f1.a(rcc.o)
                0x08000b30                rcc_set_ppre2
 .text.rcc_set_ppre1
                0x08000b44       0x14 /home/misaki/devel/stm32/libopencm3/lib/libopencm3_stm32f1.a(rcc.o)
                0x08000b44                rcc_set_ppre1
 .text.rcc_set_hpre
                0x08000b58       0x14 /home/misaki/devel/stm32/libopencm3/lib/libopencm3_stm32f1.a(rcc.o)
                0x08000b58                rcc_set_hpre
 .text.rcc_clock_setup_in_hse_8mhz_out_72mhz
                0x08000b6c       0x8c /home/misaki/devel/stm32/libopencm3/lib/libopencm3_stm32f1.a(rcc.o)
                0x08000b6c                rcc_clock_setup_in_hse_8mhz_out_72mhz
 .text.gpio_set
                0x08000bf8        0x4 /home/misaki/devel/stm32/libopencm3/lib/libopencm3_stm32f1.a(gpio_common_all.o)
                0x08000bf8                gpio_set
 .text.gpio_clear
                0x08000bfc        0x6 /home/misaki/devel/stm32/libopencm3/lib/libopencm3_stm32f1.a(gpio_common_all.o)
                0x08000bfc                gpio_clear
 .text.gpio_get
                0x08000c02        0x6 /home/misaki/devel/stm32/libopencm3/lib/libopencm3_stm32f1.a(gpio_common_all.o)
                0x08000c02                gpio_get
 .text.timer_enable_irq
                0x08000c08        0x8 /home/misaki/devel/stm32/libopencm3/lib/libopencm3_stm32f1.a(timer_common_all.o)
                0x08000c08                timer_enable_irq
 .text.timer_get_flag
                0x08000c10        0xc /home/misaki/devel/stm32/libopencm3/lib/libopencm3_stm32f1.a(timer_common_all.o)
                0x08000c10                timer_get_flag
 .text.timer_clear_flag
                0x08000c1c        0x6 /home/misaki/devel/stm32/libopencm3/lib/libopencm3_stm32f1.a(timer_common_all.o)
                0x08000c1c                timer_clear_flag
 .text.timer_set_mode
                0x08000c22       0x12 /home/misaki/devel/stm32/libopencm3/lib/libopencm3_stm32f1.a(timer_common_all.o)
                0x08000c22                timer_set_mode
 .text.timer_disable_preload
                0x08000c34        0xa /home/misaki/devel/stm32/libopencm3/lib/libopencm3_stm32f1.a(timer_common_all.o)
                0x08000c34                timer_disable_preload
 .text.timer_continuous_mode
                0x08000c3e        0xa /home/misaki/devel/stm32/libopencm3/lib/libopencm3_stm32f1.a(timer_common_all.o)
                0x08000c3e                timer_continuous_mode
 .text.timer_enable_counter
                0x08000c48        0xa /home/misaki/devel/stm32/libopencm3/lib/libopencm3_stm32f1.a(timer_common_all.o)
                0x08000c48                timer_enable_counter
 .text.timer_set_prescaler
                0x08000c52        0x4 /home/misaki/devel/stm32/libopencm3/lib/libopencm3_stm32f1.a(timer_common_all.o)
                0x08000c52                timer_set_prescaler
 .text.timer_set_period
                0x08000c56        0x4 /home/misaki/devel/stm32/libopencm3/lib/libopencm3_stm32f1.a(timer_common_all.o)
                0x08000c56                timer_set_period
 .text.timer_disable_oc_clear
                0x08000c5a       0x34 /home/misaki/devel/stm32/libopencm3/lib/libopencm3_stm32f1.a(timer_common_all.o)
                0x08000c5a                timer_disable_oc_clear
 .text.timer_set_oc_slow_mode
                0x08000c8e       0x34 /home/misaki/devel/stm32/libopencm3/lib/libopencm3_stm32f1.a(timer_common_all.o)
                0x08000c8e                timer_set_oc_slow_mode
 .text.timer_set_oc_mode
                0x08000cc2      0x198 /home/misaki/devel/stm32/libopencm3/lib/libopencm3_stm32f1.a(timer_common_all.o)
                0x08000cc2                timer_set_oc_mode
 .text.timer_disable_oc_preload
                0x08000e5a       0x34 /home/misaki/devel/stm32/libopencm3/lib/libopencm3_stm32f1.a(timer_common_all.o)
                0x08000e5a                timer_disable_oc_preload
 *fill*         0x08000e8e        0x2 
 .text.timer_disable_oc_output
                0x08000e90       0x78 /home/misaki/devel/stm32/libopencm3/lib/libopencm3_stm32f1.a(timer_common_all.o)
                0x08000e90                timer_disable_oc_output
 .text.timer_set_oc_value
                0x08000f08       0x20 /home/misaki/devel/stm32/libopencm3/lib/libopencm3_stm32f1.a(timer_common_all.o)
                0x08000f08                timer_set_oc_value
 .text.timer_set_counter
                0x08000f28        0x4 /home/misaki/devel/stm32/libopencm3/lib/libopencm3_stm32f1.a(timer_common_all.o)
                0x08000f28                timer_set_counter
 .text.rcc_periph_clock_enable
                0x08000f2c       0x1c /home/misaki/devel/stm32/libopencm3/lib/libopencm3_stm32f1.a(rcc_common_all.o)
                0x08000f2c                rcc_periph_clock_enable
 .text.exti_set_trigger
                0x08000f48       0x3c /home/misaki/devel/stm32/libopencm3/lib/libopencm3_stm32f1.a(exti_common_all.o)
                0x08000f48                exti_set_trigger
 .text.exti_enable_request
                0x08000f84       0x14 /home/misaki/devel/stm32/libopencm3/lib/libopencm3_stm32f1.a(exti_common_all.o)
                0x08000f84                exti_enable_request
 .text.exti_reset_request
                0x08000f98        0xc /home/misaki/devel/stm32/libopencm3/lib/libopencm3_stm32f1.a(exti_common_all.o)
                0x08000f98                exti_reset_request
 .text.exti_select_source
                0x08000fa4       0xa0 /home/misaki/devel/stm32/libopencm3/lib/libopencm3_stm32f1.a(exti_common_all.o)
                0x08000fa4                exti_select_source
 .text.flash_set_ws
                0x08001044       0x14 /home/misaki/devel/stm32/libopencm3/lib/libopencm3_stm32f1.a(flash_common_f01.o)
                0x08001044                flash_set_ws
 .text.flash_unlock
                0x08001058       0x24 /home/misaki/devel/stm32/libopencm3/lib/libopencm3_stm32f1.a(flash_common_f01.o)
                0x08001058                flash_unlock
 .text.flash_lock
                0x0800107c       0x10 /home/misaki/devel/stm32/libopencm3/lib/libopencm3_stm32f1.a(flash_common_f01.o)
                0x0800107c                flash_lock
 .text.flash_wait_for_last_operation
                0x0800108c        0xc /home/misaki/devel/stm32/libopencm3/lib/libopencm3_stm32f1.a(flash_common_f01.o)
                0x0800108c                flash_wait_for_last_operation
 .text.usbd_init
                0x08001098       0x58 /home/misaki/devel/stm32/libopencm3/lib/libopencm3_stm32f1.a(usb.o)
                0x08001098                usbd_init
 .text.usbd_poll
                0x080010f0        0x8 /home/misaki/devel/stm32/libopencm3/lib/libopencm3_stm32f1.a(usb.o)
                0x080010f0                usbd_poll
 .text.usbd_ep_setup
                0x080010f8        0xe /home/misaki/devel/stm32/libopencm3/lib/libopencm3_stm32f1.a(usb.o)
                0x080010f8                usbd_ep_setup
 .text._usbd_reset
                0x08001106       0x34 /home/misaki/devel/stm32/libopencm3/lib/libopencm3_stm32f1.a(usb.o)
                0x08001106                _usbd_reset
 .text.usbd_ep_write_packet
                0x0800113a        0xe /home/misaki/devel/stm32/libopencm3/lib/libopencm3_stm32f1.a(usb.o)
                0x0800113a                usbd_ep_write_packet
 .text.usbd_ep_read_packet
                0x08001148        0xe /home/misaki/devel/stm32/libopencm3/lib/libopencm3_stm32f1.a(usb.o)
                0x08001148                usbd_ep_read_packet
 .text.usbd_ep_stall_set
                0x08001156        0x8 /home/misaki/devel/stm32/libopencm3/lib/libopencm3_stm32f1.a(usb.o)
                0x08001156                usbd_ep_stall_set
 .text.usbd_ep_stall_get
                0x0800115e        0x8 /home/misaki/devel/stm32/libopencm3/lib/libopencm3_stm32f1.a(usb.o)
                0x0800115e                usbd_ep_stall_get
 .text.stall_transaction
                0x08001166       0x14 /home/misaki/devel/stm32/libopencm3/lib/libopencm3_stm32f1.a(usb_control.o)
 .text.usb_control_recv_chunk
                0x0800117a       0x3c /home/misaki/devel/stm32/libopencm3/lib/libopencm3_stm32f1.a(usb_control.o)
 .text.usb_control_send_chunk
                0x080011b6       0x56 /home/misaki/devel/stm32/libopencm3/lib/libopencm3_stm32f1.a(usb_control.o)
 .text.usb_control_request_dispatch
                0x0800120c       0x62 /home/misaki/devel/stm32/libopencm3/lib/libopencm3_stm32f1.a(usb_control.o)
 .text.usb_control_setup_read
                0x0800126e       0x6a /home/misaki/devel/stm32/libopencm3/lib/libopencm3_stm32f1.a(usb_control.o)
 .text.usbd_register_control_callback
                0x080012d8       0x26 /home/misaki/devel/stm32/libopencm3/lib/libopencm3_stm32f1.a(usb_control.o)
                0x080012d8                usbd_register_control_callback
 .text._usbd_control_setup
                0x080012fe       0x5a /home/misaki/devel/stm32/libopencm3/lib/libopencm3_stm32f1.a(usb_control.o)
                0x080012fe                _usbd_control_setup
 .text._usbd_control_out
                0x08001358       0x86 /home/misaki/devel/stm32/libopencm3/lib/libopencm3_stm32f1.a(usb_control.o)
                0x08001358                _usbd_control_out
 .text._usbd_control_in
                0x080013de       0x56 /home/misaki/devel/stm32/libopencm3/lib/libopencm3_stm32f1.a(usb_control.o)
                0x080013de                _usbd_control_in
 .text.usb_standard_set_configuration
                0x08001434       0x92 /home/misaki/devel/stm32/libopencm3/lib/libopencm3_stm32f1.a(usb_standard.o)
 .text.usb_standard_get_configuration
                0x080014c6       0x22 /home/misaki/devel/stm32/libopencm3/lib/libopencm3_stm32f1.a(usb_standard.o)
 .text.usb_standard_get_interface
                0x080014e8       0x34 /home/misaki/devel/stm32/libopencm3/lib/libopencm3_stm32f1.a(usb_standard.o)
 .text.usb_standard_interface_get_status
                0x0800151c       0x18 /home/misaki/devel/stm32/libopencm3/lib/libopencm3_stm32f1.a(usb_standard.o)
 .text.usb_standard_endpoint_get_status
                0x08001534       0x2a /home/misaki/devel/stm32/libopencm3/lib/libopencm3_stm32f1.a(usb_standard.o)
 .text.usb_standard_endpoint_stall
                0x0800155e       0x10 /home/misaki/devel/stm32/libopencm3/lib/libopencm3_stm32f1.a(usb_standard.o)
 .text.usb_standard_endpoint_unstall
                0x0800156e       0x10 /home/misaki/devel/stm32/libopencm3/lib/libopencm3_stm32f1.a(usb_standard.o)
 .text.usb_standard_set_address
                0x0800157e       0x2a /home/misaki/devel/stm32/libopencm3/lib/libopencm3_stm32f1.a(usb_standard.o)
 .text.usb_standard_set_interface
                0x080015a8       0x4a /home/misaki/devel/stm32/libopencm3/lib/libopencm3_stm32f1.a(usb_standard.o)
 .text.usb_standard_get_descriptor
                0x080015f2      0x25a /home/misaki/devel/stm32/libopencm3/lib/libopencm3_stm32f1.a(usb_standard.o)
 .text.usb_standard_device_get_status
                0x0800184c       0x18 /home/misaki/devel/stm32/libopencm3/lib/libopencm3_stm32f1.a(usb_standard.o)
 .text.usbd_register_set_config_callback
                0x08001864       0x24 /home/misaki/devel/stm32/libopencm3/lib/libopencm3_stm32f1.a(usb_standard.o)
                0x08001864                usbd_register_set_config_callback
 .text._usbd_standard_request_device
                0x08001888       0x20 /home/misaki/devel/stm32/libopencm3/lib/libopencm3_stm32f1.a(usb_standard.o)
                0x08001888                _usbd_standard_request_device
 .text._usbd_standard_request_interface
                0x080018a8       0x20 /home/misaki/devel/stm32/libopencm3/lib/libopencm3_stm32f1.a(usb_standard.o)
                0x080018a8                _usbd_standard_request_interface
 .text._usbd_standard_request_endpoint
                0x080018c8       0x3c /home/misaki/devel/stm32/libopencm3/lib/libopencm3_stm32f1.a(usb_standard.o)
                0x080018c8                _usbd_standard_request_endpoint
 .text._usbd_standard_request
                0x08001904       0x30 /home/misaki/devel/stm32/libopencm3/lib/libopencm3_stm32f1.a(usb_standard.o)
                0x08001904                _usbd_standard_request
 .text.st_usbfs_v1_usbd_init
                0x08001934       0x30 /home/misaki/devel/stm32/libopencm3/lib/libopencm3_stm32f1.a(st_usbfs_v1.o)
 .text.st_usbfs_copy_to_pm
                0x08001964       0x18 /home/misaki/devel/stm32/libopencm3/lib/libopencm3_stm32f1.a(st_usbfs_v1.o)
                0x08001964                st_usbfs_copy_to_pm
 .text.st_usbfs_copy_from_pm
                0x0800197c       0x2a /home/misaki/devel/stm32/libopencm3/lib/libopencm3_stm32f1.a(st_usbfs_v1.o)
                0x0800197c                st_usbfs_copy_from_pm
 .text.blocking_handler
                0x080019a6        0x2 /home/misaki/devel/stm32/libopencm3/lib/libopencm3_stm32f1.a(vector.o)
                0x080019a6                usart3_isr
                0x080019a6                rtc_isr
                0x080019a6                tim7_isr
                0x080019a6                adc1_2_isr
                0x080019a6                tim1_trg_com_isr
                0x080019a6                usb_hp_can_tx_isr
                0x080019a6                tim6_isr
                0x080019a6                usb_wakeup_isr
                0x080019a6                blocking_handler
                0x080019a6                tim5_isr
                0x080019a6                otg_fs_isr
                0x080019a6                spi1_isr
                0x080019a6                exti2_isr
                0x080019a6                dma1_channel6_isr
                0x080019a6                can_rx1_isr
                0x080019a6                dma1_channel5_isr
                0x080019a6                dma2_channel5_isr
                0x080019a6                usart1_isr
                0x080019a6                usage_fault_handler
                0x080019a6                tim8_trg_com_isr
                0x080019a6                can2_rx0_isr
                0x080019a6                tim1_brk_isr
                0x080019a6                can2_rx1_isr
                0x080019a6                tim1_cc_isr
                0x080019a6                sdio_isr
                0x080019a6                eth_isr
                0x080019a6                dma1_channel4_isr
                0x080019a6                tim8_brk_isr
                0x080019a6                dma2_channel4_5_isr
                0x080019a6                pvd_isr
                0x080019a6                rcc_isr
                0x080019a6                flash_isr
                0x080019a6                uart4_isr
                0x080019a6                rtc_alarm_isr
                0x080019a6                hard_fault_handler
                0x080019a6                exti1_isr
                0x080019a6                i2c1_ev_isr
                0x080019a6                dma2_channel1_isr
                0x080019a6                spi2_isr
                0x080019a6                tim8_up_isr
                0x080019a6                dma2_channel2_isr
                0x080019a6                exti3_isr
                0x080019a6                adc3_isr
                0x080019a6                tim3_isr
                0x080019a6                usart2_isr
                0x080019a6                usb_lp_can_rx0_isr
                0x080019a6                i2c2_er_isr
                0x080019a6                i2c2_ev_isr
                0x080019a6                uart5_isr
                0x080019a6                fsmc_isr
                0x080019a6                dma1_channel1_isr
                0x080019a6                exti4_isr
                0x080019a6                mem_manage_handler
                0x080019a6                can2_tx_isr
                0x080019a6                dma2_channel3_isr
                0x080019a6                dma1_channel7_isr
                0x080019a6                tim1_up_isr
                0x080019a6                can2_sce_isr
                0x080019a6                tim4_isr
                0x080019a6                dma1_channel2_isr
                0x080019a6                i2c1_er_isr
                0x080019a6                can_sce_isr
                0x080019a6                tim8_cc_isr
                0x080019a6                tamper_isr
                0x080019a6                eth_wkup_isr
                0x080019a6                bus_fault_handler
                0x080019a6                wwdg_isr
                0x080019a6                dma1_channel3_isr
                0x080019a6                spi3_isr
                0x080019a6                exti0_isr
 .text.null_handler
                0x080019a8        0x2 /home/misaki/devel/stm32/libopencm3/lib/libopencm3_stm32f1.a(vector.o)
                0x080019a8                null_handler
                0x080019a8                sv_call_handler
                0x080019a8                pend_sv_handler
                0x080019a8                debug_monitor_handler
                0x080019a8                sys_tick_handler
                0x080019a8                nmi_handler
 *fill*         0x080019aa        0x2 
 .text.reset_handler
                0x080019ac       0x90 /home/misaki/devel/stm32/libopencm3/lib/libopencm3_stm32f1.a(vector.o)
                0x080019ac                reset_handler
 .text.nvic_enable_irq
                0x08001a3c       0x1a /home/misaki/devel/stm32/libopencm3/lib/libopencm3_stm32f1.a(nvic.o)
                0x08001a3c                nvic_enable_irq
 *fill*         0x08001a56        0x2 
 .text.nvic_set_priority
                0x08001a58       0x20 /home/misaki/devel/stm32/libopencm3/lib/libopencm3_stm32f1.a(nvic.o)
                0x08001a58                nvic_set_priority
 .text.st_usbfs_set_address
                0x08001a78       0x10 /home/misaki/devel/stm32/libopencm3/lib/libopencm3_stm32f1.a(st_usbfs_core.o)
                0x08001a78                st_usbfs_set_address
 .text.st_usbfs_set_ep_rx_bufsize
                0x08001a88       0x44 /home/misaki/devel/stm32/libopencm3/lib/libopencm3_stm32f1.a(st_usbfs_core.o)
                0x08001a88                st_usbfs_set_ep_rx_bufsize
 .text.st_usbfs_ep_setup
                0x08001acc      0x124 /home/misaki/devel/stm32/libopencm3/lib/libopencm3_stm32f1.a(st_usbfs_core.o)
                0x08001acc                st_usbfs_ep_setup
 .text.st_usbfs_endpoints_reset
                0x08001bf0       0x44 /home/misaki/devel/stm32/libopencm3/lib/libopencm3_stm32f1.a(st_usbfs_core.o)
                0x08001bf0                st_usbfs_endpoints_reset
 .text.st_usbfs_ep_stall_set
                0x08001c34       0xb8 /home/misaki/devel/stm32/libopencm3/lib/libopencm3_stm32f1.a(st_usbfs_core.o)
                0x08001c34                st_usbfs_ep_stall_set
 .text.st_usbfs_ep_stall_get
                0x08001cec       0x38 /home/misaki/devel/stm32/libopencm3/lib/libopencm3_stm32f1.a(st_usbfs_core.o)
                0x08001cec                st_usbfs_ep_stall_get
 .text.st_usbfs_ep_nak_set
                0x08001d24       0x3c /home/misaki/devel/stm32/libopencm3/lib/libopencm3_stm32f1.a(st_usbfs_core.o)
                0x08001d24                st_usbfs_ep_nak_set
 .text.st_usbfs_ep_write_packet
                0x08001d60       0x7c /home/misaki/devel/stm32/libopencm3/lib/libopencm3_stm32f1.a(st_usbfs_core.o)
                0x08001d60                st_usbfs_ep_write_packet
 .text.st_usbfs_ep_read_packet
                0x08001ddc       0xac /home/misaki/devel/stm32/libopencm3/lib/libopencm3_stm32f1.a(st_usbfs_core.o)
                0x08001ddc                st_usbfs_ep_read_packet
 .text.st_usbfs_poll
                0x08001e88       0xe4 /home/misaki/devel/stm32/libopencm3/lib/libopencm3_stm32f1.a(st_usbfs_core.o)
                0x08001e88                st_usbfs_poll
 .text          0x08001f6c       0xec /home/misaki/devel/stm32/gcc-arm-none-eabi-5_4-2016q3/bin/../lib/gcc/arm-none-eabi/5.4.1/../../../../arm-none-eabi/lib/armv7-m/libc.a(lib_a-memcpy.o)
                0x08001f6c                memcpy
 .text.rand     0x08002058       0x40 /home/misaki/devel/stm32/gcc-arm-none-eabi-5_4-2016q3/bin/../lib/gcc/arm-none-eabi/5.4.1/../../../../arm-none-eabi/lib/armv7-m/libc.a(lib_a-rand.o)
                0x08002058                rand
 .text.strlen   0x08002098       0x5c /home/misaki/devel/stm32/gcc-arm-none-eabi-5_4-2016q3/bin/../lib/gcc/arm-none-eabi/5.4.1/../../../../arm-none-eabi/lib/armv7-m/libc.a(lib_a-strlen-stub.o)
                0x08002098                strlen
                0x080020f4                . = ALIGN (0x4)
 *(.rodata*)
 .rodata.keyboard_report_descriptor
                0x080020f4       0x3d mk/usb.o
                0x080020f4                keyboard_report_descriptor
 .rodata.config
                0x08002131        0xd mk/usb.o
                0x08002131                config
 *fill*         0x0800213e        0x2 
 .rodata.ifaces
                0x08002140       0x10 mk/usb.o
                0x08002140                ifaces
 .rodata.str1.1
                0x08002150       0x18 mk/usb.o
 .rodata.hid_iface
                0x08002168       0x15 mk/usb.o
                0x08002168                hid_iface
 .rodata.dev    0x0800217d       0x12 mk/usb.o
                0x0800217d                dev
 .rodata.hid_function
                0x0800218f        0x9 mk/usb.o
 .rodata.hid_endpoints
                0x08002198       0x1e mk/usb.o
                0x08002198                hid_endpoints
 *fill*         0x080021b6        0x2 
 .rodata.CSWTCH.24
                0x080021b8       0x28 /home/misaki/devel/stm32/libopencm3/lib/libopencm3_stm32f1.a(usb_standard.o)
 .rodata.CSWTCH.26
                0x080021e0       0x30 /home/misaki/devel/stm32/libopencm3/lib/libopencm3_stm32f1.a(usb_standard.o)
 .rodata.st_usbfs_v1_usb_driver
                0x08002210       0x34 /home/misaki/devel/stm32/libopencm3/lib/libopencm3_stm32f1.a(st_usbfs_v1.o)
                0x08002210                st_usbfs_v1_usb_driver
 .rodata        0x08002244        0x8 /home/misaki/devel/stm32/libopencm3/lib/libopencm3_stm32f1.a(st_usbfs_core.o)
                0x0800224c                . = ALIGN (0x4)

.glue_7         0x0800224c        0x0
 .glue_7        0x0800224c        0x0 linker stubs

.glue_7t        0x0800224c        0x0
 .glue_7t       0x0800224c        0x0 linker stubs

.vfp11_veneer   0x0800224c        0x0
 .vfp11_veneer  0x0800224c        0x0 linker stubs

.v4_bx          0x0800224c        0x0
 .v4_bx         0x0800224c        0x0 linker stubs

.iplt           0x0800224c        0x0
 .iplt          0x0800224c        0x0 mk/mew.o

.rel.dyn        0x0800224c        0x0
 .rel.iplt      0x0800224c        0x0 mk/mew.o

.preinit_array  0x0800224c        0x0
                0x0800224c                . = ALIGN (0x4)
                0x0800224c                __preinit_array_start = .
 *(.preinit_array)
                0x0800224c                __preinit_array_end = .

.init_array     0x0800224c        0x0
                0x0800224c                . = ALIGN (0x4)
                0x0800224c                __init_array_start = .
 *(SORT(.init_array.*))
 *(.init_array)
                0x0800224c                __init_array_end = .

.fini_array     0x0800224c        0x0
                0x0800224c                . = ALIGN (0x4)
                0x0800224c                __fini_array_start = .
 *(.fini_array)
 *(SORT(.fini_array.*))
                0x0800224c                __fini_array_end = .

.ARM.extab
 *(.ARM.extab*)

.ARM.exidx      0x0800224c        0x0
                0x0800224c                __exidx_start = .
 *(.ARM.exidx*)
                0x0800224c                __exidx_end = .
                0x0800224c                . = ALIGN (0x4)
                0x0800224c                _etext = .

.data           0x20000000      0x444 load address 0x0800224c
                0x20000000                _data = .
 *(.data*)
 .data.usb_strings
                0x20000000        0xc mk/usb.o
 .data.rcc_ahb_frequency
                0x2000000c        0x4 /home/misaki/devel/stm32/libopencm3/lib/libopencm3_stm32f1.a(rcc.o)
                0x2000000c                rcc_ahb_frequency
 .data.rcc_apb1_frequency
                0x20000010        0x4 /home/misaki/devel/stm32/libopencm3/lib/libopencm3_stm32f1.a(rcc.o)
                0x20000010                rcc_apb1_frequency
 .data.rcc_apb2_frequency
                0x20000014        0x4 /home/misaki/devel/stm32/libopencm3/lib/libopencm3_stm32f1.a(rcc.o)
                0x20000014                rcc_apb2_frequency
 .data.impure_data
                0x20000018      0x428 /home/misaki/devel/stm32/gcc-arm-none-eabi-5_4-2016q3/bin/../lib/gcc/arm-none-eabi/5.4.1/../../../../arm-none-eabi/lib/armv7-m/libc.a(lib_a-impure.o)
 .data._impure_ptr
                0x20000440        0x4 /home/misaki/devel/stm32/gcc-arm-none-eabi-5_4-2016q3/bin/../lib/gcc/arm-none-eabi/5.4.1/../../../../arm-none-eabi/lib/armv7-m/libc.a(lib_a-impure.o)
                0x20000440                _impure_ptr
                0x20000444                . = ALIGN (0x4)
                0x20000444                _edata = .
                0x0800224c                _data_loadaddr = LOADADDR (.data)

.igot.plt       0x20000444        0x0 load address 0x08002690
 .igot.plt      0x20000444        0x0 mk/mew.o

.bss            0x20000444      0x198 load address 0x08002690
 *(.bss*)
 .bss.device_mode
                0x20000444        0x4 mk/mew.o
                0x20000444                device_mode
 .bss.timer_counter_btn_reset
                0x20000448        0x4 mk/mew.o
                0x20000448                timer_counter_btn_reset
 .bss.buttonState
                0x2000044c        0x4 mk/mew.o
                0x2000044c                buttonState
 .bss.mode_change_lock
                0x20000450        0x4 mk/mew.o
                0x20000450                mode_change_lock
 .bss.usbd_control_buffer
                0x20000454       0x80 mk/usb.o
                0x20000454                usbd_control_buffer
 .bss.mew_usbd_dev
                0x200004d4        0x4 mk/usb.o
                0x200004d4                mew_usbd_dev
 .bss.st_usbfs_force_nak
                0x200004d8        0x8 /home/misaki/devel/stm32/libopencm3/lib/libopencm3_stm32f1.a(st_usbfs_core.o)
                0x200004d8                st_usbfs_force_nak
 .bss.st_usbfs_dev
                0x200004e0       0xfc /home/misaki/devel/stm32/libopencm3/lib/libopencm3_stm32f1.a(st_usbfs_core.o)
                0x200004e0                st_usbfs_dev
 *(COMMON)
                0x200005dc                . = ALIGN (0x4)
                0x200005dc                _ebss = .

/DISCARD/
 *(.eh_frame)
                0x200005dc                . = ALIGN (0x4)
                0x200005dc                end = .
                0x20005000                PROVIDE (_stack, (ORIGIN (ram) + LENGTH (ram)))
OUTPUT(mk/mew.elf elf32-littlearm)

.debug_info     0x00000000     0xa393
 .debug_info    0x00000000      0x3e1 mk/mew.o
 .debug_info    0x000003e1      0x9e7 mk/board.o
 .debug_info    0x00000dc8      0x533 mk/passwords.o
 .debug_info    0x000012fb      0xc1d mk/usb.o
 .debug_info    0x00001f18      0x16e mk/extibtns.o
 .debug_info    0x00002086      0x2ab /home/misaki/devel/stm32/libopencm3/lib/libopencm3_stm32f1.a(flash.o)
 .debug_info    0x00002331      0x1df /home/misaki/devel/stm32/libopencm3/lib/libopencm3_stm32f1.a(gpio.o)
 .debug_info    0x00002510     0x116a /home/misaki/devel/stm32/libopencm3/lib/libopencm3_stm32f1.a(rcc.o)
 .debug_info    0x0000367a      0x22c /home/misaki/devel/stm32/libopencm3/lib/libopencm3_stm32f1.a(gpio_common_all.o)
 .debug_info    0x000038a6     0x116a /home/misaki/devel/stm32/libopencm3/lib/libopencm3_stm32f1.a(timer_common_all.o)
 .debug_info    0x00004a10      0x50a /home/misaki/devel/stm32/libopencm3/lib/libopencm3_stm32f1.a(rcc_common_all.o)
 .debug_info    0x00004f1a      0x204 /home/misaki/devel/stm32/libopencm3/lib/libopencm3_stm32f1.a(exti_common_all.o)
 .debug_info    0x0000511e      0x278 /home/misaki/devel/stm32/libopencm3/lib/libopencm3_stm32f1.a(flash_common_f01.o)
 .debug_info    0x00005396      0xdb1 /home/misaki/devel/stm32/libopencm3/lib/libopencm3_stm32f1.a(usb.o)
 .debug_info    0x00006147      0xed8 /home/misaki/devel/stm32/libopencm3/lib/libopencm3_stm32f1.a(usb_control.o)
 .debug_info    0x0000701f     0x1449 /home/misaki/devel/stm32/libopencm3/lib/libopencm3_stm32f1.a(usb_standard.o)
 .debug_info    0x00008468      0xc16 /home/misaki/devel/stm32/libopencm3/lib/libopencm3_stm32f1.a(st_usbfs_v1.o)
 .debug_info    0x0000907e      0x2a8 /home/misaki/devel/stm32/libopencm3/lib/libopencm3_stm32f1.a(vector.o)
 .debug_info    0x00009326      0x214 /home/misaki/devel/stm32/libopencm3/lib/libopencm3_stm32f1.a(nvic.o)
 .debug_info    0x0000953a      0xe59 /home/misaki/devel/stm32/libopencm3/lib/libopencm3_stm32f1.a(st_usbfs_core.o)

.debug_abbrev   0x00000000     0x1ffd
 .debug_abbrev  0x00000000      0x157 mk/mew.o
 .debug_abbrev  0x00000157      0x145 mk/board.o
 .debug_abbrev  0x0000029c      0x195 mk/passwords.o
 .debug_abbrev  0x00000431      0x29d mk/usb.o
 .debug_abbrev  0x000006ce       0xc4 mk/extibtns.o
 .debug_abbrev  0x00000792      0x11a /home/misaki/devel/stm32/libopencm3/lib/libopencm3_stm32f1.a(flash.o)
 .debug_abbrev  0x000008ac       0xb7 /home/misaki/devel/stm32/libopencm3/lib/libopencm3_stm32f1.a(gpio.o)
 .debug_abbrev  0x00000963      0x272 /home/misaki/devel/stm32/libopencm3/lib/libopencm3_stm32f1.a(rcc.o)
 .debug_abbrev  0x00000bd5      0x10e /home/misaki/devel/stm32/libopencm3/lib/libopencm3_stm32f1.a(gpio_common_all.o)
 .debug_abbrev  0x00000ce3      0x160 /home/misaki/devel/stm32/libopencm3/lib/libopencm3_stm32f1.a(timer_common_all.o)
 .debug_abbrev  0x00000e43      0x105 /home/misaki/devel/stm32/libopencm3/lib/libopencm3_stm32f1.a(rcc_common_all.o)
 .debug_abbrev  0x00000f48       0xe5 /home/misaki/devel/stm32/libopencm3/lib/libopencm3_stm32f1.a(exti_common_all.o)
 .debug_abbrev  0x0000102d       0xcd /home/misaki/devel/stm32/libopencm3/lib/libopencm3_stm32f1.a(flash_common_f01.o)
 .debug_abbrev  0x000010fa      0x1f2 /home/misaki/devel/stm32/libopencm3/lib/libopencm3_stm32f1.a(usb.o)
 .debug_abbrev  0x000012ec      0x317 /home/misaki/devel/stm32/libopencm3/lib/libopencm3_stm32f1.a(usb_control.o)
 .debug_abbrev  0x00001603      0x3da /home/misaki/devel/stm32/libopencm3/lib/libopencm3_stm32f1.a(usb_standard.o)
 .debug_abbrev  0x000019dd      0x1d6 /home/misaki/devel/stm32/libopencm3/lib/libopencm3_stm32f1.a(st_usbfs_v1.o)
 .debug_abbrev  0x00001bb3      0x146 /home/misaki/devel/stm32/libopencm3/lib/libopencm3_stm32f1.a(vector.o)
 .debug_abbrev  0x00001cf9       0xa6 /home/misaki/devel/stm32/libopencm3/lib/libopencm3_stm32f1.a(nvic.o)
 .debug_abbrev  0x00001d9f      0x25e /home/misaki/devel/stm32/libopencm3/lib/libopencm3_stm32f1.a(st_usbfs_core.o)

.debug_aranges  0x00000000      0xa08
 .debug_aranges
                0x00000000       0x30 mk/mew.o
 .debug_aranges
                0x00000030       0x48 mk/board.o
 .debug_aranges
                0x00000078       0x50 mk/passwords.o
 .debug_aranges
                0x000000c8       0x68 mk/usb.o
 .debug_aranges
                0x00000130       0x28 mk/extibtns.o
 .debug_aranges
                0x00000158       0x80 /home/misaki/devel/stm32/libopencm3/lib/libopencm3_stm32f1.a(flash.o)
 .debug_aranges
                0x000001d8       0x38 /home/misaki/devel/stm32/libopencm3/lib/libopencm3_stm32f1.a(gpio.o)
 .debug_aranges
                0x00000210      0x168 /home/misaki/devel/stm32/libopencm3/lib/libopencm3_stm32f1.a(rcc.o)
 .debug_aranges
                0x00000378       0x50 /home/misaki/devel/stm32/libopencm3/lib/libopencm3_stm32f1.a(gpio_common_all.o)
 .debug_aranges
                0x000003c8      0x270 /home/misaki/devel/stm32/libopencm3/lib/libopencm3_stm32f1.a(timer_common_all.o)
 .debug_aranges
                0x00000638       0x58 /home/misaki/devel/stm32/libopencm3/lib/libopencm3_stm32f1.a(rcc_common_all.o)
 .debug_aranges
                0x00000690       0x48 /home/misaki/devel/stm32/libopencm3/lib/libopencm3_stm32f1.a(exti_common_all.o)
 .debug_aranges
                0x000006d8       0x88 /home/misaki/devel/stm32/libopencm3/lib/libopencm3_stm32f1.a(flash_common_f01.o)
 .debug_aranges
                0x00000760       0x88 /home/misaki/devel/stm32/libopencm3/lib/libopencm3_stm32f1.a(usb.o)
 .debug_aranges
                0x000007e8       0x60 /home/misaki/devel/stm32/libopencm3/lib/libopencm3_stm32f1.a(usb_control.o)
 .debug_aranges
                0x00000848       0x98 /home/misaki/devel/stm32/libopencm3/lib/libopencm3_stm32f1.a(usb_standard.o)
 .debug_aranges
                0x000008e0       0x30 /home/misaki/devel/stm32/libopencm3/lib/libopencm3_stm32f1.a(st_usbfs_v1.o)
 .debug_aranges
                0x00000910       0x30 /home/misaki/devel/stm32/libopencm3/lib/libopencm3_stm32f1.a(vector.o)
 .debug_aranges
                0x00000940       0x60 /home/misaki/devel/stm32/libopencm3/lib/libopencm3_stm32f1.a(nvic.o)
 .debug_aranges
                0x000009a0       0x68 /home/misaki/devel/stm32/libopencm3/lib/libopencm3_stm32f1.a(st_usbfs_core.o)

.debug_ranges   0x00000000      0xa10
 .debug_ranges  0x00000000       0x20 mk/mew.o
 .debug_ranges  0x00000020       0x38 mk/board.o
 .debug_ranges  0x00000058       0x40 mk/passwords.o
 .debug_ranges  0x00000098       0x58 mk/usb.o
 .debug_ranges  0x000000f0       0x18 mk/extibtns.o
 .debug_ranges  0x00000108       0x70 /home/misaki/devel/stm32/libopencm3/lib/libopencm3_stm32f1.a(flash.o)
 .debug_ranges  0x00000178       0x28 /home/misaki/devel/stm32/libopencm3/lib/libopencm3_stm32f1.a(gpio.o)
 .debug_ranges  0x000001a0      0x1b8 /home/misaki/devel/stm32/libopencm3/lib/libopencm3_stm32f1.a(rcc.o)
 .debug_ranges  0x00000358       0x40 /home/misaki/devel/stm32/libopencm3/lib/libopencm3_stm32f1.a(gpio_common_all.o)
 .debug_ranges  0x00000398      0x260 /home/misaki/devel/stm32/libopencm3/lib/libopencm3_stm32f1.a(timer_common_all.o)
 .debug_ranges  0x000005f8       0x48 /home/misaki/devel/stm32/libopencm3/lib/libopencm3_stm32f1.a(rcc_common_all.o)
 .debug_ranges  0x00000640       0x50 /home/misaki/devel/stm32/libopencm3/lib/libopencm3_stm32f1.a(exti_common_all.o)
 .debug_ranges  0x00000690       0x78 /home/misaki/devel/stm32/libopencm3/lib/libopencm3_stm32f1.a(flash_common_f01.o)
 .debug_ranges  0x00000708       0x78 /home/misaki/devel/stm32/libopencm3/lib/libopencm3_stm32f1.a(usb.o)
 .debug_ranges  0x00000780       0x68 /home/misaki/devel/stm32/libopencm3/lib/libopencm3_stm32f1.a(usb_control.o)
 .debug_ranges  0x000007e8       0xf0 /home/misaki/devel/stm32/libopencm3/lib/libopencm3_stm32f1.a(usb_standard.o)
 .debug_ranges  0x000008d8       0x20 /home/misaki/devel/stm32/libopencm3/lib/libopencm3_stm32f1.a(st_usbfs_v1.o)
 .debug_ranges  0x000008f8       0x20 /home/misaki/devel/stm32/libopencm3/lib/libopencm3_stm32f1.a(vector.o)
 .debug_ranges  0x00000918       0x50 /home/misaki/devel/stm32/libopencm3/lib/libopencm3_stm32f1.a(nvic.o)
 .debug_ranges  0x00000968       0xa8 /home/misaki/devel/stm32/libopencm3/lib/libopencm3_stm32f1.a(st_usbfs_core.o)

.debug_line     0x00000000     0x4d0a
 .debug_line    0x00000000      0x1a0 mk/mew.o
 .debug_line    0x000001a0      0x256 mk/board.o
 .debug_line    0x000003f6      0x1e1 mk/passwords.o
 .debug_line    0x000005d7      0x1d8 mk/usb.o
 .debug_line    0x000007af      0x107 mk/extibtns.o
 .debug_line    0x000008b6      0x406 /home/misaki/devel/stm32/libopencm3/lib/libopencm3_stm32f1.a(flash.o)
 .debug_line    0x00000cbc      0x33a /home/misaki/devel/stm32/libopencm3/lib/libopencm3_stm32f1.a(gpio.o)
 .debug_line    0x00000ff6      0x6e8 /home/misaki/devel/stm32/libopencm3/lib/libopencm3_stm32f1.a(rcc.o)
 .debug_line    0x000016de      0x36e /home/misaki/devel/stm32/libopencm3/lib/libopencm3_stm32f1.a(gpio_common_all.o)
 .debug_line    0x00001a4c      0x9e1 /home/misaki/devel/stm32/libopencm3/lib/libopencm3_stm32f1.a(timer_common_all.o)
 .debug_line    0x0000242d      0x373 /home/misaki/devel/stm32/libopencm3/lib/libopencm3_stm32f1.a(rcc_common_all.o)
 .debug_line    0x000027a0      0x3b4 /home/misaki/devel/stm32/libopencm3/lib/libopencm3_stm32f1.a(exti_common_all.o)
 .debug_line    0x00002b54      0x3f9 /home/misaki/devel/stm32/libopencm3/lib/libopencm3_stm32f1.a(flash_common_f01.o)
 .debug_line    0x00002f4d      0x40c /home/misaki/devel/stm32/libopencm3/lib/libopencm3_stm32f1.a(usb.o)
 .debug_line    0x00003359      0x445 /home/misaki/devel/stm32/libopencm3/lib/libopencm3_stm32f1.a(usb_control.o)
 .debug_line    0x0000379e      0x585 /home/misaki/devel/stm32/libopencm3/lib/libopencm3_stm32f1.a(usb_standard.o)
 .debug_line    0x00003d23      0x415 /home/misaki/devel/stm32/libopencm3/lib/libopencm3_stm32f1.a(st_usbfs_v1.o)
 .debug_line    0x00004138      0x380 /home/misaki/devel/stm32/libopencm3/lib/libopencm3_stm32f1.a(vector.o)
 .debug_line    0x000044b8      0x33e /home/misaki/devel/stm32/libopencm3/lib/libopencm3_stm32f1.a(nvic.o)
 .debug_line    0x000047f6      0x514 /home/misaki/devel/stm32/libopencm3/lib/libopencm3_stm32f1.a(st_usbfs_core.o)

.debug_str      0x00000000    0x18b3a
 .debug_str     0x00000000      0x27f mk/mew.o
                                0x324 (size before relaxing)
 .debug_str     0x0000027f      0x50b mk/board.o
                                0x6e1 (size before relaxing)
 .debug_str     0x0000078a      0x1b2 mk/passwords.o
                                0x390 (size before relaxing)
 .debug_str     0x0000093c      0x56e mk/usb.o
                                0x76d (size before relaxing)
 .debug_str     0x00000eaa       0x38 mk/extibtns.o
                                0x1b1 (size before relaxing)
 .debug_str     0x00000ee2     0x4baa /home/misaki/devel/stm32/libopencm3/lib/libopencm3_stm32f1.a(flash.o)
                               0x4d86 (size before relaxing)
 .debug_str     0x00005a8c     0x380a /home/misaki/devel/stm32/libopencm3/lib/libopencm3_stm32f1.a(gpio.o)
                               0x7c52 (size before relaxing)
 .debug_str     0x00009296     0x289d /home/misaki/devel/stm32/libopencm3/lib/libopencm3_stm32f1.a(rcc.o)
                               0x74a9 (size before relaxing)
 .debug_str     0x0000bb33       0x5d /home/misaki/devel/stm32/libopencm3/lib/libopencm3_stm32f1.a(gpio_common_all.o)
                               0x7c46 (size before relaxing)
 .debug_str     0x0000bb90     0x4ba0 /home/misaki/devel/stm32/libopencm3/lib/libopencm3_stm32f1.a(timer_common_all.o)
                               0xb5cc (size before relaxing)
 .debug_str     0x00010730      0x102 /home/misaki/devel/stm32/libopencm3/lib/libopencm3_stm32f1.a(rcc_common_all.o)
                               0x6d1f (size before relaxing)
 .debug_str     0x00010832      0x3c7 /home/misaki/devel/stm32/libopencm3/lib/libopencm3_stm32f1.a(exti_common_all.o)
                               0x8023 (size before relaxing)
 .debug_str     0x00010bf9       0xb9 /home/misaki/devel/stm32/libopencm3/lib/libopencm3_stm32f1.a(flash_common_f01.o)
                               0x4cf9 (size before relaxing)
 .debug_str     0x00010cb2     0x3455 /home/misaki/devel/stm32/libopencm3/lib/libopencm3_stm32f1.a(usb.o)
                               0x70f5 (size before relaxing)
 .debug_str     0x00014107      0x241 /home/misaki/devel/stm32/libopencm3/lib/libopencm3_stm32f1.a(usb_control.o)
                               0x71b5 (size before relaxing)
 .debug_str     0x00014348      0x293 /home/misaki/devel/stm32/libopencm3/lib/libopencm3_stm32f1.a(usb_standard.o)
                               0x728c (size before relaxing)
 .debug_str     0x000145db     0x1581 /home/misaki/devel/stm32/libopencm3/lib/libopencm3_stm32f1.a(st_usbfs_v1.o)
                               0x8df1 (size before relaxing)
 .debug_str     0x00015b5c     0x24ed /home/misaki/devel/stm32/libopencm3/lib/libopencm3_stm32f1.a(vector.o)
                               0x5da4 (size before relaxing)
 .debug_str     0x00018049      0x9ce /home/misaki/devel/stm32/libopencm3/lib/libopencm3_stm32f1.a(nvic.o)
                               0x4aaf (size before relaxing)
 .debug_str     0x00018a17      0x123 /home/misaki/devel/stm32/libopencm3/lib/libopencm3_stm32f1.a(st_usbfs_core.o)
                               0x8d00 (size before relaxing)

.comment        0x00000000       0x9b
 .comment       0x00000000       0x2d mk/mew.o
                                 0x2e (size before relaxing)
 .comment       0x0000002d       0x2e mk/board.o
 .comment       0x0000002d       0x2e mk/passwords.o
 .comment       0x0000002d       0x2e mk/usb.o
 .comment       0x0000002d       0x2e mk/extibtns.o
 .comment       0x0000002d       0x6e /home/misaki/devel/stm32/libopencm3/lib/libopencm3_stm32f1.a(flash.o)
                                 0x6f (size before relaxing)
 .comment       0x0000009b       0x6f /home/misaki/devel/stm32/libopencm3/lib/libopencm3_stm32f1.a(gpio.o)
 .comment       0x0000009b       0x6f /home/misaki/devel/stm32/libopencm3/lib/libopencm3_stm32f1.a(rcc.o)
 .comment       0x0000009b       0x6f /home/misaki/devel/stm32/libopencm3/lib/libopencm3_stm32f1.a(gpio_common_all.o)
 .comment       0x0000009b       0x6f /home/misaki/devel/stm32/libopencm3/lib/libopencm3_stm32f1.a(timer_common_all.o)
 .comment       0x0000009b       0x6f /home/misaki/devel/stm32/libopencm3/lib/libopencm3_stm32f1.a(rcc_common_all.o)
 .comment       0x0000009b       0x6f /home/misaki/devel/stm32/libopencm3/lib/libopencm3_stm32f1.a(exti_common_all.o)
 .comment       0x0000009b       0x6f /home/misaki/devel/stm32/libopencm3/lib/libopencm3_stm32f1.a(flash_common_f01.o)
 .comment       0x0000009b       0x6f /home/misaki/devel/stm32/libopencm3/lib/libopencm3_stm32f1.a(usb.o)
 .comment       0x0000009b       0x6f /home/misaki/devel/stm32/libopencm3/lib/libopencm3_stm32f1.a(usb_control.o)
 .comment       0x0000009b       0x6f /home/misaki/devel/stm32/libopencm3/lib/libopencm3_stm32f1.a(usb_standard.o)
 .comment       0x0000009b       0x6f /home/misaki/devel/stm32/libopencm3/lib/libopencm3_stm32f1.a(st_usbfs_v1.o)
 .comment       0x0000009b       0x6f /home/misaki/devel/stm32/libopencm3/lib/libopencm3_stm32f1.a(vector.o)
 .comment       0x0000009b       0x6f /home/misaki/devel/stm32/libopencm3/lib/libopencm3_stm32f1.a(nvic.o)
 .comment       0x0000009b       0x6f /home/misaki/devel/stm32/libopencm3/lib/libopencm3_stm32f1.a(st_usbfs_core.o)

.ARM.attributes
                0x00000000       0x31
 .ARM.attributes
                0x00000000       0x33 mk/mew.o
 .ARM.attributes
                0x00000033       0x33 mk/board.o
 .ARM.attributes
                0x00000066       0x33 mk/passwords.o
 .ARM.attributes
                0x00000099       0x33 mk/usb.o
 .ARM.attributes
                0x000000cc       0x33 mk/extibtns.o
 .ARM.attributes
                0x000000ff       0x33 /home/misaki/devel/stm32/libopencm3/lib/libopencm3_stm32f1.a(flash.o)
 .ARM.attributes
                0x00000132       0x33 /home/misaki/devel/stm32/libopencm3/lib/libopencm3_stm32f1.a(gpio.o)
 .ARM.attributes
                0x00000165       0x33 /home/misaki/devel/stm32/libopencm3/lib/libopencm3_stm32f1.a(rcc.o)
 .ARM.attributes
                0x00000198       0x33 /home/misaki/devel/stm32/libopencm3/lib/libopencm3_stm32f1.a(gpio_common_all.o)
 .ARM.attributes
                0x000001cb       0x33 /home/misaki/devel/stm32/libopencm3/lib/libopencm3_stm32f1.a(timer_common_all.o)
 .ARM.attributes
                0x000001fe       0x33 /home/misaki/devel/stm32/libopencm3/lib/libopencm3_stm32f1.a(rcc_common_all.o)
 .ARM.attributes
                0x00000231       0x33 /home/misaki/devel/stm32/libopencm3/lib/libopencm3_stm32f1.a(exti_common_all.o)
 .ARM.attributes
                0x00000264       0x33 /home/misaki/devel/stm32/libopencm3/lib/libopencm3_stm32f1.a(flash_common_f01.o)
 .ARM.attributes
                0x00000297       0x33 /home/misaki/devel/stm32/libopencm3/lib/libopencm3_stm32f1.a(usb.o)
 .ARM.attributes
                0x000002ca       0x33 /home/misaki/devel/stm32/libopencm3/lib/libopencm3_stm32f1.a(usb_control.o)
 .ARM.attributes
                0x000002fd       0x33 /home/misaki/devel/stm32/libopencm3/lib/libopencm3_stm32f1.a(usb_standard.o)
 .ARM.attributes
                0x00000330       0x33 /home/misaki/devel/stm32/libopencm3/lib/libopencm3_stm32f1.a(st_usbfs_v1.o)
 .ARM.attributes
                0x00000363       0x33 /home/misaki/devel/stm32/libopencm3/lib/libopencm3_stm32f1.a(vector.o)
 .ARM.attributes
                0x00000396       0x33 /home/misaki/devel/stm32/libopencm3/lib/libopencm3_stm32f1.a(nvic.o)
 .ARM.attributes
                0x000003c9       0x33 /home/misaki/devel/stm32/libopencm3/lib/libopencm3_stm32f1.a(st_usbfs_core.o)
 .ARM.attributes
                0x000003fc       0x1b /home/misaki/devel/stm32/gcc-arm-none-eabi-5_4-2016q3/bin/../lib/gcc/arm-none-eabi/5.4.1/../../../../arm-none-eabi/lib/armv7-m/libc.a(lib_a-memcpy.o)
 .ARM.attributes
                0x00000417       0x2d /home/misaki/devel/stm32/gcc-arm-none-eabi-5_4-2016q3/bin/../lib/gcc/arm-none-eabi/5.4.1/../../../../arm-none-eabi/lib/armv7-m/libc.a(lib_a-rand.o)
 .ARM.attributes
                0x00000444       0x2d /home/misaki/devel/stm32/gcc-arm-none-eabi-5_4-2016q3/bin/../lib/gcc/arm-none-eabi/5.4.1/../../../../arm-none-eabi/lib/armv7-m/libc.a(lib_a-strlen-stub.o)
 .ARM.attributes
                0x00000471       0x2d /home/misaki/devel/stm32/gcc-arm-none-eabi-5_4-2016q3/bin/../lib/gcc/arm-none-eabi/5.4.1/../../../../arm-none-eabi/lib/armv7-m/libc.a(lib_a-impure.o)

.debug_frame    0x00000000     0x162c
 .debug_frame   0x00000000       0x60 mk/mew.o
 .debug_frame   0x00000060       0x90 mk/board.o
 .debug_frame   0x000000f0       0xc0 mk/passwords.o
 .debug_frame   0x000001b0       0xfc mk/usb.o
 .debug_frame   0x000002ac       0x40 mk/extibtns.o
 .debug_frame   0x000002ec      0x10c /home/misaki/devel/stm32/libopencm3/lib/libopencm3_stm32f1.a(flash.o)
 .debug_frame   0x000003f8       0x64 /home/misaki/devel/stm32/libopencm3/lib/libopencm3_stm32f1.a(gpio.o)
 .debug_frame   0x0000045c      0x300 /home/misaki/devel/stm32/libopencm3/lib/libopencm3_stm32f1.a(rcc.o)
 .debug_frame   0x0000075c       0x80 /home/misaki/devel/stm32/libopencm3/lib/libopencm3_stm32f1.a(gpio_common_all.o)
 .debug_frame   0x000007dc      0x4d8 /home/misaki/devel/stm32/libopencm3/lib/libopencm3_stm32f1.a(timer_common_all.o)
 .debug_frame   0x00000cb4       0xb0 /home/misaki/devel/stm32/libopencm3/lib/libopencm3_stm32f1.a(rcc_common_all.o)
 .debug_frame   0x00000d64       0x88 /home/misaki/devel/stm32/libopencm3/lib/libopencm3_stm32f1.a(exti_common_all.o)
 .debug_frame   0x00000dec      0x120 /home/misaki/devel/stm32/libopencm3/lib/libopencm3_stm32f1.a(flash_common_f01.o)
 .debug_frame   0x00000f0c      0x13c /home/misaki/devel/stm32/libopencm3/lib/libopencm3_stm32f1.a(usb.o)
 .debug_frame   0x00001048      0x154 /home/misaki/devel/stm32/libopencm3/lib/libopencm3_stm32f1.a(usb_control.o)
 .debug_frame   0x0000119c      0x1ec /home/misaki/devel/stm32/libopencm3/lib/libopencm3_stm32f1.a(usb_standard.o)
 .debug_frame   0x00001388       0x58 /home/misaki/devel/stm32/libopencm3/lib/libopencm3_stm32f1.a(st_usbfs_v1.o)
 .debug_frame   0x000013e0       0x40 /home/misaki/devel/stm32/libopencm3/lib/libopencm3_stm32f1.a(vector.o)
 .debug_frame   0x00001420       0xa0 /home/misaki/devel/stm32/libopencm3/lib/libopencm3_stm32f1.a(nvic.o)
 .debug_frame   0x000014c0      0x110 /home/misaki/devel/stm32/libopencm3/lib/libopencm3_stm32f1.a(st_usbfs_core.o)
 .debug_frame   0x000015d0       0x3c /home/misaki/devel/stm32/gcc-arm-none-eabi-5_4-2016q3/bin/../lib/gcc/arm-none-eabi/5.4.1/../../../../arm-none-eabi/lib/armv7-m/libc.a(lib_a-rand.o)
 .debug_frame   0x0000160c       0x20 /home/misaki/devel/stm32/gcc-arm-none-eabi-5_4-2016q3/bin/../lib/gcc/arm-none-eabi/5.4.1/../../../../arm-none-eabi/lib/armv7-m/libc.a(lib_a-strlen-stub.o)

.debug_loc      0x00000000     0x3ce3
 .debug_loc     0x00000000       0x86 mk/board.o
 .debug_loc     0x00000086      0x2ba mk/passwords.o
 .debug_loc     0x00000340      0x393 mk/usb.o
 .debug_loc     0x000006d3       0x9c /home/misaki/devel/stm32/libopencm3/lib/libopencm3_stm32f1.a(flash.o)
 .debug_loc     0x0000076f      0x19f /home/misaki/devel/stm32/libopencm3/lib/libopencm3_stm32f1.a(gpio.o)
 .debug_loc     0x0000090e      0x4ba /home/misaki/devel/stm32/libopencm3/lib/libopencm3_stm32f1.a(rcc.o)
 .debug_loc     0x00000dc8       0x97 /home/misaki/devel/stm32/libopencm3/lib/libopencm3_stm32f1.a(gpio_common_all.o)
 .debug_loc     0x00000e5f      0x510 /home/misaki/devel/stm32/libopencm3/lib/libopencm3_stm32f1.a(timer_common_all.o)
 .debug_loc     0x0000136f      0x108 /home/misaki/devel/stm32/libopencm3/lib/libopencm3_stm32f1.a(rcc_common_all.o)
 .debug_loc     0x00001477      0x1b7 /home/misaki/devel/stm32/libopencm3/lib/libopencm3_stm32f1.a(exti_common_all.o)
 .debug_loc     0x0000162e       0xd3 /home/misaki/devel/stm32/libopencm3/lib/libopencm3_stm32f1.a(flash_common_f01.o)
 .debug_loc     0x00001701      0x4b1 /home/misaki/devel/stm32/libopencm3/lib/libopencm3_stm32f1.a(usb.o)
 .debug_loc     0x00001bb2      0x58d /home/misaki/devel/stm32/libopencm3/lib/libopencm3_stm32f1.a(usb_control.o)
 .debug_loc     0x0000213f     0x1148 /home/misaki/devel/stm32/libopencm3/lib/libopencm3_stm32f1.a(usb_standard.o)
 .debug_loc     0x00003287      0x157 /home/misaki/devel/stm32/libopencm3/lib/libopencm3_stm32f1.a(st_usbfs_v1.o)
 .debug_loc     0x000033de       0xdf /home/misaki/devel/stm32/libopencm3/lib/libopencm3_stm32f1.a(vector.o)
 .debug_loc     0x000034bd      0x129 /home/misaki/devel/stm32/libopencm3/lib/libopencm3_stm32f1.a(nvic.o)
 .debug_loc     0x000035e6      0x6fd /home/misaki/devel/stm32/libopencm3/lib/libopencm3_stm32f1.a(st_usbfs_core.o)

.debug_macro    0x00000000     0x5f98
 .debug_macro   0x00000000       0xc9 /home/misaki/devel/stm32/libopencm3/lib/libopencm3_stm32f1.a(flash.o)
 .debug_macro   0x000000c9      0x874 /home/misaki/devel/stm32/libopencm3/lib/libopencm3_stm32f1.a(flash.o)
 .debug_macro   0x0000093d       0x22 /home/misaki/devel/stm32/libopencm3/lib/libopencm3_stm32f1.a(flash.o)
 .debug_macro   0x0000095f       0x87 /home/misaki/devel/stm32/libopencm3/lib/libopencm3_stm32f1.a(flash.o)
 .debug_macro   0x000009e6       0x44 /home/misaki/devel/stm32/libopencm3/lib/libopencm3_stm32f1.a(flash.o)
 .debug_macro   0x00000a2a       0xfd /home/misaki/devel/stm32/libopencm3/lib/libopencm3_stm32f1.a(flash.o)
 .debug_macro   0x00000b27       0x5e /home/misaki/devel/stm32/libopencm3/lib/libopencm3_stm32f1.a(flash.o)
 .debug_macro   0x00000b85      0x1df /home/misaki/devel/stm32/libopencm3/lib/libopencm3_stm32f1.a(flash.o)
 .debug_macro   0x00000d64       0x22 /home/misaki/devel/stm32/libopencm3/lib/libopencm3_stm32f1.a(flash.o)
 .debug_macro   0x00000d86       0xfa /home/misaki/devel/stm32/libopencm3/lib/libopencm3_stm32f1.a(flash.o)
 .debug_macro   0x00000e80       0x58 /home/misaki/devel/stm32/libopencm3/lib/libopencm3_stm32f1.a(flash.o)
 .debug_macro   0x00000ed8      0x1b4 /home/misaki/devel/stm32/libopencm3/lib/libopencm3_stm32f1.a(flash.o)
 .debug_macro   0x0000108c       0xdc /home/misaki/devel/stm32/libopencm3/lib/libopencm3_stm32f1.a(flash.o)
 .debug_macro   0x00001168       0x82 /home/misaki/devel/stm32/libopencm3/lib/libopencm3_stm32f1.a(flash.o)
 .debug_macro   0x000011ea       0xb9 /home/misaki/devel/stm32/libopencm3/lib/libopencm3_stm32f1.a(gpio.o)
 .debug_macro   0x000012a3       0x76 /home/misaki/devel/stm32/libopencm3/lib/libopencm3_stm32f1.a(gpio.o)
 .debug_macro   0x00001319      0xdfd /home/misaki/devel/stm32/libopencm3/lib/libopencm3_stm32f1.a(gpio.o)
 .debug_macro   0x00002116       0xe0 /home/misaki/devel/stm32/libopencm3/lib/libopencm3_stm32f1.a(rcc.o)
 .debug_macro   0x000021f6       0x16 /home/misaki/devel/stm32/libopencm3/lib/libopencm3_stm32f1.a(rcc.o)
 .debug_macro   0x0000220c      0x825 /home/misaki/devel/stm32/libopencm3/lib/libopencm3_stm32f1.a(rcc.o)
 .debug_macro   0x00002a31       0xb9 /home/misaki/devel/stm32/libopencm3/lib/libopencm3_stm32f1.a(gpio_common_all.o)
 .debug_macro   0x00002aea       0xd8 /home/misaki/devel/stm32/libopencm3/lib/libopencm3_stm32f1.a(timer_common_all.o)
 .debug_macro   0x00002bc2      0xf8f /home/misaki/devel/stm32/libopencm3/lib/libopencm3_stm32f1.a(timer_common_all.o)
 .debug_macro   0x00003b51       0xcf /home/misaki/devel/stm32/libopencm3/lib/libopencm3_stm32f1.a(rcc_common_all.o)
 .debug_macro   0x00003c20       0xd0 /home/misaki/devel/stm32/libopencm3/lib/libopencm3_stm32f1.a(exti_common_all.o)
 .debug_macro   0x00003cf0      0x112 /home/misaki/devel/stm32/libopencm3/lib/libopencm3_stm32f1.a(exti_common_all.o)
 .debug_macro   0x00003e02       0xb9 /home/misaki/devel/stm32/libopencm3/lib/libopencm3_stm32f1.a(flash_common_f01.o)
 .debug_macro   0x00003ebb      0x154 /home/misaki/devel/stm32/libopencm3/lib/libopencm3_stm32f1.a(usb.o)
 .debug_macro   0x0000400f       0x4c /home/misaki/devel/stm32/libopencm3/lib/libopencm3_stm32f1.a(usb.o)
 .debug_macro   0x0000405b       0x8d /home/misaki/devel/stm32/libopencm3/lib/libopencm3_stm32f1.a(usb.o)
 .debug_macro   0x000040e8       0x35 /home/misaki/devel/stm32/libopencm3/lib/libopencm3_stm32f1.a(usb.o)
 .debug_macro   0x0000411d       0x9c /home/misaki/devel/stm32/libopencm3/lib/libopencm3_stm32f1.a(usb.o)
 .debug_macro   0x000041b9      0x174 /home/misaki/devel/stm32/libopencm3/lib/libopencm3_stm32f1.a(usb.o)
 .debug_macro   0x0000432d       0x4a /home/misaki/devel/stm32/libopencm3/lib/libopencm3_stm32f1.a(usb.o)
 .debug_macro   0x00004377       0x52 /home/misaki/devel/stm32/libopencm3/lib/libopencm3_stm32f1.a(usb.o)
 .debug_macro   0x000043c9       0x1f /home/misaki/devel/stm32/libopencm3/lib/libopencm3_stm32f1.a(usb.o)
 .debug_macro   0x000043e8       0x43 /home/misaki/devel/stm32/libopencm3/lib/libopencm3_stm32f1.a(usb.o)
 .debug_macro   0x0000442b       0x20 /home/misaki/devel/stm32/libopencm3/lib/libopencm3_stm32f1.a(usb.o)
 .debug_macro   0x0000444b      0x187 /home/misaki/devel/stm32/libopencm3/lib/libopencm3_stm32f1.a(usb.o)
 .debug_macro   0x000045d2      0x30d /home/misaki/devel/stm32/libopencm3/lib/libopencm3_stm32f1.a(usb.o)
 .debug_macro   0x000048df       0x10 /home/misaki/devel/stm32/libopencm3/lib/libopencm3_stm32f1.a(usb.o)
 .debug_macro   0x000048ef       0x35 /home/misaki/devel/stm32/libopencm3/lib/libopencm3_stm32f1.a(usb.o)
 .debug_macro   0x00004924      0x196 /home/misaki/devel/stm32/libopencm3/lib/libopencm3_stm32f1.a(usb.o)
 .debug_macro   0x00004aba       0x10 /home/misaki/devel/stm32/libopencm3/lib/libopencm3_stm32f1.a(usb.o)
 .debug_macro   0x00004aca       0x1c /home/misaki/devel/stm32/libopencm3/lib/libopencm3_stm32f1.a(usb.o)
 .debug_macro   0x00004ae6      0x161 /home/misaki/devel/stm32/libopencm3/lib/libopencm3_stm32f1.a(usb_control.o)
 .debug_macro   0x00004c47       0x16 /home/misaki/devel/stm32/libopencm3/lib/libopencm3_stm32f1.a(usb_control.o)
 .debug_macro   0x00004c5d      0x10e /home/misaki/devel/stm32/libopencm3/lib/libopencm3_stm32f1.a(usb_control.o)
 .debug_macro   0x00004d6b       0x8d /home/misaki/devel/stm32/libopencm3/lib/libopencm3_stm32f1.a(usb_control.o)
 .debug_macro   0x00004df8       0x16 /home/misaki/devel/stm32/libopencm3/lib/libopencm3_stm32f1.a(usb_control.o)
 .debug_macro   0x00004e0e       0x29 /home/misaki/devel/stm32/libopencm3/lib/libopencm3_stm32f1.a(usb_control.o)
 .debug_macro   0x00004e37      0x154 /home/misaki/devel/stm32/libopencm3/lib/libopencm3_stm32f1.a(usb_standard.o)
 .debug_macro   0x00004f8b      0x10e /home/misaki/devel/stm32/libopencm3/lib/libopencm3_stm32f1.a(st_usbfs_v1.o)
 .debug_macro   0x00005099       0x3a /home/misaki/devel/stm32/libopencm3/lib/libopencm3_stm32f1.a(st_usbfs_v1.o)
 .debug_macro   0x000050d3      0x29e /home/misaki/devel/stm32/libopencm3/lib/libopencm3_stm32f1.a(st_usbfs_v1.o)
 .debug_macro   0x00005371       0x28 /home/misaki/devel/stm32/libopencm3/lib/libopencm3_stm32f1.a(st_usbfs_v1.o)
 .debug_macro   0x00005399      0x19c /home/misaki/devel/stm32/libopencm3/lib/libopencm3_stm32f1.a(st_usbfs_v1.o)
 .debug_macro   0x00005535       0x10 /home/misaki/devel/stm32/libopencm3/lib/libopencm3_stm32f1.a(st_usbfs_v1.o)
 .debug_macro   0x00005545       0xd0 /home/misaki/devel/stm32/libopencm3/lib/libopencm3_stm32f1.a(vector.o)
 .debug_macro   0x00005615      0x3a1 /home/misaki/devel/stm32/libopencm3/lib/libopencm3_stm32f1.a(vector.o)
 .debug_macro   0x000059b6       0x6a /home/misaki/devel/stm32/libopencm3/lib/libopencm3_stm32f1.a(vector.o)
 .debug_macro   0x00005a20      0x1a2 /home/misaki/devel/stm32/libopencm3/lib/libopencm3_stm32f1.a(vector.o)
 .debug_macro   0x00005bc2       0xb4 /home/misaki/devel/stm32/libopencm3/lib/libopencm3_stm32f1.a(nvic.o)
 .debug_macro   0x00005c76       0x64 /home/misaki/devel/stm32/libopencm3/lib/libopencm3_stm32f1.a(nvic.o)
 .debug_macro   0x00005cda      0x1b0 /home/misaki/devel/stm32/libopencm3/lib/libopencm3_stm32f1.a(nvic.o)
 .debug_macro   0x00005e8a      0x10e /home/misaki/devel/stm32/libopencm3/lib/libopencm3_stm32f1.a(st_usbfs_core.o)
